[16:37:34] WARNING  eye1 - uvc: Could not set Value. 'Backlight Compensation'.                                                                                                                      uvc_backend.py:395
           INFO     eye0 - pupil_detector_plugins.detector_2d_nn_plugin: Received pupil detector smoothing method change: one_euro                                                        detector_2d_nn_plugin.py:554
           INFO     eye1 - pupil_detector_plugins.detector_2d_nn_plugin: Received model switch notification to 'adgbc'                                                                    detector_2d_nn_plugin.py:543
           INFO     eye1 - pupil_detector_plugins.detector_2d_nn_plugin: Switching pupil detector model to 'adgbc'...                                                                     detector_2d_nn_plugin.py:518
           INFO     eye1 - pupil_detector_plugins.detector_2d_nn_plugin: Unloaded previous model and cleared GPU cache.                                                                   detector_2d_nn_plugin.py:341
           INFO     eye1 - pupil_detector_plugins.detector_2d_nn_plugin: Loading 'adgbc' onto cuda...                                                                                     detector_2d_nn_plugin.py:345
           INFO     eye1 - pupil_detector_plugins.detector_2d_nn_plugin: Successfully loaded AD-GBC weights from                                                                          detector_2d_nn_plugin.py:448
                    /home/byeongjun/PycharmProjects/pupil_nnunets/pupil_src/shared_modules/pupil_detector_plugins/model_ckpts/adgbc_nn_best.pth                                                                       
[16:37:35] INFO     eye1 - pupil_detector_plugins.detector_2d_nn_plugin: Received pupil detector smoothing change: False -> none                                                          detector_2d_nn_plugin.py:549
           INFO     eye1 - pupil_detector_plugins.detector_2d_nn_plugin: Received pupil detector smoothing method change: one_euro                                                        detector_2d_nn_plugin.py:554
[16:37:50] INFO     world - launchables.world: Broadcasted pupil detector smoothing method change to: none                                                                                                world.py:163
           INFO     eye0 - pupil_detector_plugins.detector_2d_nn_plugin: Received pupil detector smoothing method change: none                                                            detector_2d_nn_plugin.py:554
           INFO     eye1 - pupil_detector_plugins.detector_2d_nn_plugin: Received pupil detector smoothing method change: none                                                            detector_2d_nn_plugin.py:554
[16:37:57] ERROR    eye1 - launchables.eye: Process Eye1 crashed with trace:                                                                                                                                 eye.py:41
                    Traceback (most recent call last):                                                                                                                                                                
                      File "/home/byeongjun/PycharmProjects/pupil_nnunets/pupil_src/launchables/eye.py", line 713, in eye                                                                                             
                        plugin.recent_events(event)                                                                                                                                                                   
                      File "/home/byeongjun/PycharmProjects/pupil_nnunets/pupil_src/shared_modules/pupil_detector_plugins/detector_base_plugin.py", line 122, in recent_events                                        
                        detection_result = self.detect(                                                                                                                                                               
                                           ^^^^^^^^^^^^                                                                                                                                                               
                      File "/home/byeongjun/PycharmProjects/pupil_nnunets/pupil_src/shared_modules/pupil_detector_plugins/detector_2d_nn_plugin.py", line 564, in detect                                              
                        datum = self._detect_nn(frame, **kwargs)                                                                                                                                                      
                                ^^^^^^^^^^^^^^^^^^^^^^^^^^^^^^^^                                                                                                                                                      
                      File "/home/byeongjun/PycharmProjects/pupil_nnunets/pupil_src/shared_modules/pupil_detector_plugins/detector_2d_nn_plugin.py", line 712, in _detect_nn                                          
                        ellipse = cv2.fitEllipse(hull)                                                                                                                                                                
                                  ^^^^^^^^^^^^^^^^^^^^                                                                                                                                                                
                    cv2.error: OpenCV(4.9.0) /io/opencv/modules/imgproc/src/shapedescr.cpp:360: error: (-201:Incorrect size of input array) There should be at least 5 points to fit the ellipse in function          
                    'fitEllipseNoDirect'                                                                                                                                                                              
                                                                                                                                                                                                                      
                                                                                                                                                                                                                      
[16:37:58] INFO     eye1 - pupil_detector_plugins.detector_2d_nn_plugin: Unloaded previous model and cleared GPU cache.                                                                   detector_2d_nn_plugin.py:341
[16:38:12] WARNING  eye0 - uvc: Turbojpeg jpeg2yuv: b'Corrupt JPEG data: premature end of data segment'                                                                                                    utils.py:60
[16:38:13] INFO     eye0 - pupil_detector_plugins.detector_2d_nn_plugin: Unloaded previous model and cleared GPU cache.    
