           INFO     eye0 - pupil_detector_plugins.detector_2d_nn_plugin: Loading 'adgbc_trt' onto cuda...                                                                                 detector_2d_nn_plugin.py:344
           ERROR    eye0 - pupil_detector_plugins.detector_2d_nn_plugin: Failed to load model 'adgbc_trt': TensorRT engine not found at:                                                  detector_2d_nn_plugin.py:444
                    /home/byeongjun/PycharmProjects/pupil_nnunets/pupil_src/shared_modules/pupil_detector_plugins/model_ckpts/adgbc_nn_best.engine                                                                    
                    Traceback (most recent call last):                                                                                                                                                                
                      File "/home/byeongjun/PycharmProjects/pupil_nnunets/pupil_src/shared_modules/pupil_detector_plugins/detector_2d_nn_plugin.py", line 438, in _load_model                                         
                        model = TRTDetectorModule(engine_path=engine_path, device=self.device)                                                                                                                        
                                ^^^^^^^^^^^^^^^^^^^^^^^^^^^^^^^^^^^^^^^^^^^^^^^^^^^^^^^^^^^^^^                                                                                                                        
                      File "/home/byeongjun/PycharmProjects/pupil_nnunets/pupil_src/shared_modules/pupil_detector_plugins/trt_detector_wrapper.py", line 31, in __init__                                              
                        raise FileNotFoundError(f"TensorRT engine not found at: {engine_path}")                                                                                                                       
                    FileNotFoundError: TensorRT engine not found at:                                                                                                                                                  
                    /home/byeongjun/PycharmProjects/pupil_nnunets/pupil_src/shared_modules/pupil_detector_plugins/model_ckpts/adgbc_nn_best.engine                                                                    
                                                                                                                                                                                                                      
           INFO     eye1 - pupil_detector_plugins.detector_2d_nn_plugin: Loading 'adgbc_trt' onto cuda...                                                                                 detector_2d_nn_plugin.py:344
           ERROR    eye1 - pupil_detector_plugins.detector_2d_nn_plugin: Failed to load model 'adgbc_trt': TensorRT engine not found at:                                                  detector_2d_nn_plugin.py:444
                    /home/byeongjun/PycharmProjects/pupil_nnunets/pupil_src/shared_modules/pupil_detector_plugins/model_ckpts/adgbc_nn_best.engine                                                                    
                    Traceback (most recent call last):                                                                                                                                                                
                      File "/home/byeongjun/PycharmProjects/pupil_nnunets/pupil_src/shared_modules/pupil_detector_plugins/detector_2d_nn_plugin.py", line 438, in _load_model                                         
                        model = TRTDetectorModule(engine_path=engine_path, device=self.device)                                                                                                                        
                                ^^^^^^^^^^^^^^^^^^^^^^^^^^^^^^^^^^^^^^^^^^^^^^^^^^^^^^^^^^^^^^                                                                                                                        
                      File "/home/byeongjun/PycharmProjects/pupil_nnunets/pupil_src/shared_modules/pupil_detector_plugins/trt_detector_wrapper.py", line 31, in __init__                                              
                        raise FileNotFoundError(f"TensorRT engine not found at: {engine_path}")                                                                                                                       
                    FileNotFoundError: TensorRT engine not found at:                                                                                                                                                  
                    /home/byeongjun/PycharmProjects/pupil_nnunets/pupil_src/shared_modules/pupil_detector_plugins/model_ckpts/adgbc_nn_best.engine                                                                    
                                                                                                                                                                                                                      
           INFO     eye0 - pupil_detector_plugins.detector_2d_nn_plugin: Loading 'adgbc_trt' onto cuda...                                                                                 detector_2d_nn_plugin.py:344
           ERROR    eye0 - pupil_detector_plugins.detector_2d_nn_plugin: Failed to load model 'adgbc_trt': TensorRT engine not found at:                                                  detector_2d_nn_plugin.py:444
                    /home/byeongjun/PycharmProjects/pupil_nnunets/pupil_src/shared_modules/pupil_detector_plugins/model_ckpts/adgbc_nn_best.engine                                                                    
                    Traceback (most recent call last):                                                                                                                                                                
                      File "/home/byeongjun/PycharmProjects/pupil_nnunets/pupil_src/shared_modules/pupil_detector_plugins/detector_2d_nn_plugin.py", line 438, in _load_model                                         
                        model = TRTDetectorModule(engine_path=engine_path, device=self.device)                                                                                                                        
                                ^^^^^^^^^^^^^^^^^^^^^^^^^^^^^^^^^^^^^^^^^^^^^^^^^^^^^^^^^^^^^^                                                                                                                        
                      File "/home/byeongjun/PycharmProjects/pupil_nnunets/pupil_src/shared_modules/pupil_detector_plugins/trt_detector_wrapper.py", line 31, in __init__                                              
                        raise FileNotFoundError(f"TensorRT engine not found at: {engine_path}")                                                                                                                       
                    FileNotFoundError: TensorRT engine not found at:                                                                                                                                                  
                    /home/byeongjun/PycharmProjects/pupil_nnunets/pupil_src/shared_modules/pupil_detector_plugins/model_ckpts/adgbc_nn_best.engine                                                                    
                                                                                                                                                                                                                      
           INFO     eye1 - pupil_detector_plugins.detector_2d_nn_plugin: Loading 'adgbc_trt' onto cuda...                                                                                 detector_2d_nn_plugin.py:344
           ERROR    eye1 - pupil_detector_plugins.detector_2d_nn_plugin: Failed to load model 'adgbc_trt': TensorRT engine not found at:                                                  detector_2d_nn_plugin.py:444
                    /home/byeongjun/PycharmProjects/pupil_nnunets/pupil_src/shared_modules/pupil_detector_plugins/model_ckpts/adgbc_nn_best.engine                                                                    
                    Traceback (most recent call last):                                                                                                                                                                
                      File "/home/byeongjun/PycharmProjects/pupil_nnunets/pupil_src/shared_modules/pupil_detector_plugins/detector_2d_nn_plugin.py", line 438, in _load_model                                         
                        model = TRTDetectorModule(engine_path=engine_path, device=self.device)                                                                                                                        
                                ^^^^^^^^^^^^^^^^^^^^^^^^^^^^^^^^^^^^^^^^^^^^^^^^^^^^^^^^^^^^^^                                                                                                                        
                      File "/home/byeongjun/PycharmProjects/pupil_nnunets/pupil_src/shared_modules/pupil_detector_plugins/trt_detector_wrapper.py", line 31, in __init__                                              
                        raise FileNotFoundError(f"TensorRT engine not found at: {engine_path}")                                                                                                                       
                    FileNotFoundError: TensorRT engine not found at:                                                                                                                                                  
                    /home/byeongjun/PycharmProjects/pupil_nnunets/pupil_src/shared_modules/pupil_detector_plugins/model_ckpts/adgbc_nn_best.engine                                                                    
                                                                                                                                                                                                                      
           INFO     eye0 - pupil_detector_plugins.detector_2d_nn_plugin: Loading 'adgbc_trt' onto cuda...                                                                                 detector_2d_nn_plugin.py:344
           ERROR    eye0 - pupil_detector_plugins.detector_2d_nn_plugin: Failed to load model 'adgbc_trt': TensorRT engine not found at:                                                  detector_2d_nn_plugin.py:444
                    /home/byeongjun/PycharmProjects/pupil_nnunets/pupil_src/shared_modules/pupil_detector_plugins/model_ckpts/adgbc_nn_best.engine                                                                    
                    Traceback (most recent call last):                                                                                                                                                                
                      File "/home/byeongjun/PycharmProjects/pupil_nnunets/pupil_src/shared_modules/pupil_detector_plugins/detector_2d_nn_plugin.py", line 438, in _load_model                                         
                        model = TRTDetectorModule(engine_path=engine_path, device=self.device)                                                                                                                        
                                ^^^^^^^^^^^^^^^^^^^^^^^^^^^^^^^^^^^^^^^^^^^^^^^^^^^^^^^^^^^^^^                                                                                                                        
                      File "/home/byeongjun/PycharmProjects/pupil_nnunets/pupil_src/shared_modules/pupil_detector_plugins/trt_detector_wrapper.py", line 31, in __init__                                              
                        raise FileNotFoundError(f"TensorRT engine not found at: {engine_path}")                                                                                                                       
                    FileNotFoundError: TensorRT engine not found at:                                                                                                                                                  
                    /home/byeongjun/PycharmProjects/pupil_nnunets/pupil_src/shared_modules/pupil_detector_plugins/model_ckpts/adgbc_nn_best.engine                                                                    
                                                                                                                                                                                                                      
           INFO     eye1 - pupil_detector_plugins.detector_2d_nn_plugin: Loading 'adgbc_trt' onto cuda...                                                                                 detector_2d_nn_plugin.py:344
           ERROR    eye1 - pupil_detector_plugins.detector_2d_nn_plugin: Failed to load model 'adgbc_trt': TensorRT engine not found at:                                                  detector_2d_nn_plugin.py:444
                    /home/byeongjun/PycharmProjects/pupil_nnunets/pupil_src/shared_modules/pupil_detector_plugins/model_ckpts/adgbc_nn_best.engine                                                                    
                    Traceback (most recent call last):                                                                                                                                                                
                      File "/home/byeongjun/PycharmProjects/pupil_nnunets/pupil_src/shared_modules/pupil_detector_plugins/detector_2d_nn_plugin.py", line 438, in _load_model                                         
                        model = TRTDetectorModule(engine_path=engine_path, device=self.device)                                                                                                                        
                                ^^^^^^^^^^^^^^^^^^^^^^^^^^^^^^^^^^^^^^^^^^^^^^^^^^^^^^^^^^^^^^                                                                                                                        
                      File "/home/byeongjun/PycharmProjects/pupil_nnunets/pupil_src/shared_modules/pupil_detector_plugins/trt_detector_wrapper.py", line 31, in __init__                                              
                        raise FileNotFoundError(f"TensorRT engine not found at: {engine_path}")                                                                                                                       
                    FileNotFoundError: TensorRT engine not found at:                                                                                                                                                  
                    /home/byeongjun/PycharmProjects/pupil_nnunets/pupil_src/shared_modules/pupil_detector_plugins/model_ckpts/adgbc_nn_best.engine                                                                    
                                                                                                                                                                                                                      
           INFO     eye0 - pupil_detector_plugins.detector_2d_nn_plugin: Loading 'adgbc_trt' onto cuda...                                                                                 detector_2d_nn_plugin.py:344
           ERROR    eye0 - pupil_detector_plugins.detector_2d_nn_plugin: Failed to load model 'adgbc_trt': TensorRT engine not found at:                                                  detector_2d_nn_plugin.py:444
                    /home/byeongjun/PycharmProjects/pupil_nnunets/pupil_src/shared_modules/pupil_detector_plugins/model_ckpts/adgbc_nn_best.engine                                                                    
                    Traceback (most recent call last):                                                                                                                                                                
                      File "/home/byeongjun/PycharmProjects/pupil_nnunets/pupil_src/shared_modules/pupil_detector_plugins/detector_2d_nn_plugin.py", line 438, in _load_model                                         
                        model = TRTDetectorModule(engine_path=engine_path, device=self.device)                                                                                                                        
                                ^^^^^^^^^^^^^^^^^^^^^^^^^^^^^^^^^^^^^^^^^^^^^^^^^^^^^^^^^^^^^^                                                                                                                        
                      File "/home/byeongjun/PycharmProjects/pupil_nnunets/pupil_src/shared_modules/pupil_detector_plugins/trt_detector_wrapper.py", line 31, in __init__                                              
                        raise FileNotFoundError(f"TensorRT engine not found at: {engine_path}")                                                                                                                       
                    FileNotFoundError: TensorRT engine not found at:                                                                                                                                                  
                    /home/byeongjun/PycharmProjects/pupil_nnunets/pupil_src/shared_modules/pupil_detector_plugins/model_ckpts/adgbc_nn_best.engine                                                                    
                                                                                                                                                                                                                      
           INFO     eye1 - pupil_detector_plugins.detector_2d_nn_plugin: Loading 'adgbc_trt' onto cuda...                                                                                 detector_2d_nn_plugin.py:344
           ERROR    eye1 - pupil_detector_plugins.detector_2d_nn_plugin: Failed to load model 'adgbc_trt': TensorRT engine not found at:                                                  detector_2d_nn_plugin.py:444
                    /home/byeongjun/PycharmProjects/pupil_nnunets/pupil_src/shared_modules/pupil_detector_plugins/model_ckpts/adgbc_nn_best.engine                                                                    
                    Traceback (most recent call last):                                                                                                                                                                
                      File "/home/byeongjun/PycharmProjects/pupil_nnunets/pupil_src/shared_modules/pupil_detector_plugins/detector_2d_nn_plugin.py", line 438, in _load_model                                         
                        model = TRTDetectorModule(engine_path=engine_path, device=self.device)                                                                                                                        
                                ^^^^^^^^^^^^^^^^^^^^^^^^^^^^^^^^^^^^^^^^^^^^^^^^^^^^^^^^^^^^^^                                                                                                                        
                      File "/home/byeongjun/PycharmProjects/pupil_nnunets/pupil_src/shared_modules/pupil_detector_plugins/trt_detector_wrapper.py", line 31, in __init__                                              
                        raise FileNotFoundError(f"TensorRT engine not found at: {engine_path}")                                                                                                                       
                    FileNotFoundError: TensorRT engine not found at:                                                                                                                                                  
                    /home/byeongjun/PycharmProjects/pupil_nnunets/pupil_src/shared_modules/pupil_detector_plugins/model_ckpts/adgbc_nn_best.engine                                                                    
                                                                                                                                                                                                                      
           INFO     eye0 - pupil_detector_plugins.detector_2d_nn_plugin: Loading 'adgbc_trt' onto cuda...                                                                                 detector_2d_nn_plugin.py:344
           ERROR    eye0 - pupil_detector_plugins.detector_2d_nn_plugin: Failed to load model 'adgbc_trt': TensorRT engine not found at:                                                  detector_2d_nn_plugin.py:444
                    /home/byeongjun/PycharmProjects/pupil_nnunets/pupil_src/shared_modules/pupil_detector_plugins/model_ckpts/adgbc_nn_best.engine                                                                    
                    Traceback (most recent call last):                                                                                                                                                                
                      File "/home/byeongjun/PycharmProjects/pupil_nnunets/pupil_src/shared_modules/pupil_detector_plugins/detector_2d_nn_plugin.py", line 438, in _load_model                                         
                        model = TRTDetectorModule(engine_path=engine_path, device=self.device)                                                                                                                        
                                ^^^^^^^^^^^^^^^^^^^^^^^^^^^^^^^^^^^^^^^^^^^^^^^^^^^^^^^^^^^^^^                                                                                                                        
                      File "/home/byeongjun/PycharmProjects/pupil_nnunets/pupil_src/shared_modules/pupil_detector_plugins/trt_detector_wrapper.py", line 31, in __init__                                              
                        raise FileNotFoundError(f"TensorRT engine not found at: {engine_path}")                                                                                                                       
                    FileNotFoundError: TensorRT engine not found at:                                                                                                                                                  
                    /home/byeongjun/PycharmProjects/pupil_nnunets/pupil_src/shared_modules/pupil_detector_plugins/model_ckpts/adgbc_nn_best.engine                                                                    
                                                                                                                                                                                                                      
           INFO     eye1 - pupil_detector_plugins.detector_2d_nn_plugin: Loading 'adgbc_trt' onto cuda...                                                                                 detector_2d_nn_plugin.py:344
           ERROR    eye1 - pupil_detector_plugins.detector_2d_nn_plugin: Failed to load model 'adgbc_trt': TensorRT engine not found at:                                                  detector_2d_nn_plugin.py:444
                    /home/byeongjun/PycharmProjects/pupil_nnunets/pupil_src/shared_modules/pupil_detector_plugins/model_ckpts/adgbc_nn_best.engine                                                                    
                    Traceback (most recent call last):                                                                                                                                                                
                      File "/home/byeongjun/PycharmProjects/pupil_nnunets/pupil_src/shared_modules/pupil_detector_plugins/detector_2d_nn_plugin.py", line 438, in _load_model                                         
                        model = TRTDetectorModule(engine_path=engine_path, device=self.device)                                                                                                                        
                                ^^^^^^^^^^^^^^^^^^^^^^^^^^^^^^^^^^^^^^^^^^^^^^^^^^^^^^^^^^^^^^                                                                                                                        
                      File "/home/byeongjun/PycharmProjects/pupil_nnunets/pupil_src/shared_modules/pupil_detector_plugins/trt_detector_wrapper.py", line 31, in __init__                                              
                        raise FileNotFoundError(f"TensorRT engine not found at: {engine_path}")                                                                                                                       
                    FileNotFoundError: TensorRT engine not found at:                                                                                                                                                  
                    /home/byeongjun/PycharmProjects/pupil_nnunets/pupil_src/shared_modules/pupil_detector_plugins/model_ckpts/adgbc_nn_best.engine                                                                    
                                                                                                                                                                                                                      
           INFO     eye0 - pupil_detector_plugins.detector_2d_nn_plugin: Loading 'adgbc_trt' onto cuda...                                                                                 detector_2d_nn_plugin.py:344
           ERROR    eye0 - pupil_detector_plugins.detector_2d_nn_plugin: Failed to load model 'adgbc_trt': TensorRT engine not found at:                                                  detector_2d_nn_plugin.py:444
                    /home/byeongjun/PycharmProjects/pupil_nnunets/pupil_src/shared_modules/pupil_detector_plugins/model_ckpts/adgbc_nn_best.engine                                                                    
                    Traceback (most recent call last):                                                                                                                                                                
                      File "/home/byeongjun/PycharmProjects/pupil_nnunets/pupil_src/shared_modules/pupil_detector_plugins/detector_2d_nn_plugin.py", line 438, in _load_model                                         
                        model = TRTDetectorModule(engine_path=engine_path, device=self.device)                                                                                                                        
                                ^^^^^^^^^^^^^^^^^^^^^^^^^^^^^^^^^^^^^^^^^^^^^^^^^^^^^^^^^^^^^^                                                                                                                        
                      File "/home/byeongjun/PycharmProjects/pupil_nnunets/pupil_src/shared_modules/pupil_detector_plugins/trt_detector_wrapper.py", line 31, in __init__                                              
                        raise FileNotFoundError(f"TensorRT engine not found at: {engine_path}")                                                                                                                       
                    FileNotFoundError: TensorRT engine not found at:                                                                                                                                                  
                    /home/byeongjun/PycharmProjects/pupil_nnunets/pupil_src/shared_modules/pupil_detector_plugins/model_ckpts/adgbc_nn_best.engine                                                                    
                                                                                                                                                                                                                      
           INFO     eye1 - pupil_detector_plugins.detector_2d_nn_plugin: Loading 'adgbc_trt' onto cuda...                                                                                 detector_2d_nn_plugin.py:344
           ERROR    eye1 - pupil_detector_plugins.detector_2d_nn_plugin: Failed to load model 'adgbc_trt': TensorRT engine not found at:                                                  detector_2d_nn_plugin.py:444
                    /home/byeongjun/PycharmProjects/pupil_nnunets/pupil_src/shared_modules/pupil_detector_plugins/model_ckpts/adgbc_nn_best.engine                                                                    
                    Traceback (most recent call last):                                                                                                                                                                
                      File "/home/byeongjun/PycharmProjects/pupil_nnunets/pupil_src/shared_modules/pupil_detector_plugins/detector_2d_nn_plugin.py", line 438, in _load_model                                         
                        model = TRTDetectorModule(engine_path=engine_path, device=self.device)                                                                                                                        
                                ^^^^^^^^^^^^^^^^^^^^^^^^^^^^^^^^^^^^^^^^^^^^^^^^^^^^^^^^^^^^^^                                                                                                                        
                      File "/home/byeongjun/PycharmProjects/pupil_nnunets/pupil_src/shared_modules/pupil_detector_plugins/trt_detector_wrapper.py", line 31, in __init__                                              
                        raise FileNotFoundError(f"TensorRT engine not found at: {engine_path}")                                                                                                                       
                    FileNotFoundError: TensorRT engine not found at:                                                                                                                                                  
                    /home/byeongjun/PycharmProjects/pupil_nnunets/pupil_src/shared_modules/pupil_detector_plugins/model_ckpts/adgbc_nn_best.engine                                                                    
                                                                                                                                                                                                                      
           INFO     eye0 - pupil_detector_plugins.detector_2d_nn_plugin: Loading 'adgbc_trt' onto cuda...                                                                                 detector_2d_nn_plugin.py:344
           ERROR    eye0 - pupil_detector_plugins.detector_2d_nn_plugin: Failed to load model 'adgbc_trt': TensorRT engine not found at:                                                  detector_2d_nn_plugin.py:444
                    /home/byeongjun/PycharmProjects/pupil_nnunets/pupil_src/shared_modules/pupil_detector_plugins/model_ckpts/adgbc_nn_best.engine                                                                    
                    Traceback (most recent call last):                                                                                                                                                                
                      File "/home/byeongjun/PycharmProjects/pupil_nnunets/pupil_src/shared_modules/pupil_detector_plugins/detector_2d_nn_plugin.py", line 438, in _load_model                                         
                        model = TRTDetectorModule(engine_path=engine_path, device=self.device)                                                                                                                        
                                ^^^^^^^^^^^^^^^^^^^^^^^^^^^^^^^^^^^^^^^^^^^^^^^^^^^^^^^^^^^^^^                                                                                                                        
                      File "/home/byeongjun/PycharmProjects/pupil_nnunets/pupil_src/shared_modules/pupil_detector_plugins/trt_detector_wrapper.py", line 31, in __init__                                              
                        raise FileNotFoundError(f"TensorRT engine not found at: {engine_path}")                                                                                                                       
                    FileNotFoundError: TensorRT engine not found at:                                                                                                                                                  
                    /home/byeongjun/PycharmProjects/pupil_nnunets/pupil_src/shared_modules/pupil_detector_plugins/model_ckpts/adgbc_nn_best.engine                                                                    
                                                                                                                                                                                                                      
           INFO     eye1 - pupil_detector_plugins.detector_2d_nn_plugin: Loading 'adgbc_trt' onto cuda...                                                                                 detector_2d_nn_plugin.py:344
           ERROR    eye1 - pupil_detector_plugins.detector_2d_nn_plugin: Failed to load model 'adgbc_trt': TensorRT engine not found at:                                                  detector_2d_nn_plugin.py:444
                    /home/byeongjun/PycharmProjects/pupil_nnunets/pupil_src/shared_modules/pupil_detector_plugins/model_ckpts/adgbc_nn_best.engine                                                                    
                    Traceback (most recent call last):                                                                                                                                                                
                      File "/home/byeongjun/PycharmProjects/pupil_nnunets/pupil_src/shared_modules/pupil_detector_plugins/detector_2d_nn_plugin.py", line 438, in _load_model                                         
                        model = TRTDetectorModule(engine_path=engine_path, device=self.device)                                                                                                                        
                                ^^^^^^^^^^^^^^^^^^^^^^^^^^^^^^^^^^^^^^^^^^^^^^^^^^^^^^^^^^^^^^                                                                                                                        
                      File "/home/byeongjun/PycharmProjects/pupil_nnunets/pupil_src/shared_modules/pupil_detector_plugins/trt_detector_wrapper.py", line 31, in __init__                                              
                        raise FileNotFoundError(f"TensorRT engine not found at: {engine_path}")                                                                                                                       
                    FileNotFoundError: TensorRT engine not found at:                                                                                                                                                  
                    /home/byeongjun/PycharmProjects/pupil_nnunets/pupil_src/shared_modules/pupil_detector_plugins/model_ckpts/adgbc_nn_best.engine                                                                    
                                                                                                                                                                                                                      
           INFO     eye0 - pupil_detector_plugins.detector_2d_nn_plugin: Loading 'adgbc_trt' onto cuda...                                                                                 detector_2d_nn_plugin.py:344
           ERROR    eye0 - pupil_detector_plugins.detector_2d_nn_plugin: Failed to load model 'adgbc_trt': TensorRT engine not found at:                                                  detector_2d_nn_plugin.py:444
                    /home/byeongjun/PycharmProjects/pupil_nnunets/pupil_src/shared_modules/pupil_detector_plugins/model_ckpts/adgbc_nn_best.engine                                                                    
                    Traceback (most recent call last):                                                                                                                                                                
                      File "/home/byeongjun/PycharmProjects/pupil_nnunets/pupil_src/shared_modules/pupil_detector_plugins/detector_2d_nn_plugin.py", line 438, in _load_model                                         
                        model = TRTDetectorModule(engine_path=engine_path, device=self.device)                                                                                                                        
                                ^^^^^^^^^^^^^^^^^^^^^^^^^^^^^^^^^^^^^^^^^^^^^^^^^^^^^^^^^^^^^^                                                                                                                        
                      File "/home/byeongjun/PycharmProjects/pupil_nnunets/pupil_src/shared_modules/pupil_detector_plugins/trt_detector_wrapper.py", line 31, in __init__                                              
                        raise FileNotFoundError(f"TensorRT engine not found at: {engine_path}")                                                                                                                       
                    FileNotFoundError: TensorRT engine not found at:                                                                                                                                                  
                    /home/byeongjun/PycharmProjects/pupil_nnunets/pupil_src/shared_modules/pupil_detector_plugins/model_ckpts/adgbc_nn_best.engine                                                                    
                                                                                                                                                                                                                      
           INFO     eye1 - pupil_detector_plugins.detector_2d_nn_plugin: Loading 'adgbc_trt' onto cuda...                                                                                 detector_2d_nn_plugin.py:344
           ERROR    eye1 - pupil_detector_plugins.detector_2d_nn_plugin: Failed to load model 'adgbc_trt': TensorRT engine not found at:                                                  detector_2d_nn_plugin.py:444
                    /home/byeongjun/PycharmProjects/pupil_nnunets/pupil_src/shared_modules/pupil_detector_plugins/model_ckpts/adgbc_nn_best.engine                                                                    
                    Traceback (most recent call last):                                                                                                                                                                
                      File "/home/byeongjun/PycharmProjects/pupil_nnunets/pupil_src/shared_modules/pupil_detector_plugins/detector_2d_nn_plugin.py", line 438, in _load_model                                         
                        model = TRTDetectorModule(engine_path=engine_path, device=self.device)                                                                                                                        
                                ^^^^^^^^^^^^^^^^^^^^^^^^^^^^^^^^^^^^^^^^^^^^^^^^^^^^^^^^^^^^^^                                                                                                                        
                      File "/home/byeongjun/PycharmProjects/pupil_nnunets/pupil_src/shared_modules/pupil_detector_plugins/trt_detector_wrapper.py", line 31, in __init__                                              
                        raise FileNotFoundError(f"TensorRT engine not found at: {engine_path}")                                                                                                                       
                    FileNotFoundError: TensorRT engine not found at:                                                                                                                                                  
                    /home/byeongjun/PycharmProjects/pupil_nnunets/pupil_src/shared_modules/pupil_detector_plugins/model_ckpts/adgbc_nn_best.engine                                                                    
                                                                                                                                                                                                                      
           INFO     eye1 - pupil_detector_plugins.detector_2d_nn_plugin: Loading 'adgbc_trt' onto cuda...                                                                                 detector_2d_nn_plugin.py:344
           ERROR    eye1 - pupil_detector_plugins.detector_2d_nn_plugin: Failed to load model 'adgbc_trt': TensorRT engine not found at:                                                  detector_2d_nn_plugin.py:444
                    /home/byeongjun/PycharmProjects/pupil_nnunets/pupil_src/shared_modules/pupil_detector_plugins/model_ckpts/adgbc_nn_best.engine                                                                    
                    Traceback (most recent call last):                                                                                                                                                                
                      File "/home/byeongjun/PycharmProjects/pupil_nnunets/pupil_src/shared_modules/pupil_detector_plugins/detector_2d_nn_plugin.py", line 438, in _load_model                                         
                        model = TRTDetectorModule(engine_path=engine_path, device=self.device)                                                                                                                        
                                ^^^^^^^^^^^^^^^^^^^^^^^^^^^^^^^^^^^^^^^^^^^^^^^^^^^^^^^^^^^^^^                                                                                                                        
                      File "/home/byeongjun/PycharmProjects/pupil_nnunets/pupil_src/shared_modules/pupil_detector_plugins/trt_detector_wrapper.py", line 31, in __init__                                              
                        raise FileNotFoundError(f"TensorRT engine not found at: {engine_path}")                                                                                                                       
                    FileNotFoundError: TensorRT engine not found at:                                                                                                                                                  
                    /home/byeongjun/PycharmProjects/pupil_nnunets/pupil_src/shared_modules/pupil_detector_plugins/model_ckpts/adgbc_nn_best.engine  
